mode: set
example/example.go:3.21,4.11 1 1
example/example.go:4.11,6.4 1 1
example/example.go:6.9,8.4 1 0
